// Jest Snapshot v1, https://goo.gl/fbAQLP

exports[`Slates should render correctly Slates component 1`] = `
Object {
  "asFragment": [Function],
  "baseElement": <body>
    <div>
      <div>
        <div
          class="flex justify-between"
        >
          <div
            class="flex"
          >
            <h1
              class="mr3 RouteTitle-ehvjdd-0 fHYele"
            >
              Proposals
            </h1>
            <a
              class="link flex items-center"
              href="/proposals/create"
            >
              <div
                class="Button__Wrapper-sc-1vedn6s-2 jHiEij"
              >
                <button
                  class="Button__StyledButton-sc-1vedn6s-0 izJlFT"
                  type="default"
                >
                  Add Proposal
                </button>
              </div>
            </a>
          </div>
          <div
            class="Deadline__Wrapper-sc-1a3aqlz-1 gtXKcM"
          >
            <div
              class="Tag__Wrapper-l3n6sk-1 ceKKQx"
            >
              <div
                class="Deadline__StyledDeadline-sc-1a3aqlz-0 jpSHwD Tag__StyledTag-l3n6sk-0 cZzgaW"
              >
                PROPOSAL DEADLINE Invalid date EST
              </div>
            </div>
          </div>
        </div>
        <div
          class="proposals__CardsWrapper-sc-125pbjx-0 cOJbkJ"
        >
          <div
            class="Card__Wrapper-h3ymxi-0 gjicgu"
          >
            <div
              class="flex"
            >
              <div
                class="Tag__Wrapper-l3n6sk-1 ceKKQx"
              >
                <div
                  class="Tag__StyledTag-l3n6sk-0 cZzgaW"
                >
                  GRANT PROPOSAL
                </div>
              </div>
            </div>
            <div
              class="Card__CardTitle-h3ymxi-1 bSTxPd"
            >
              K Semantics for Web Assembly
            </div>
            <div
              class="Card__CardSubTitle-h3ymxi-2 kWUzrK"
            >
              200000 Tokens Requested
            </div>
            <div
              class="Card__CardDescription-h3ymxi-3 iIGibR"
            >
              A proposal to make Ethereum safer by enabling developers to formally verify smart contracts that run on Web Assembly.
            </div>
          </div>
          <div
            class="Card__Wrapper-h3ymxi-0 gjicgu"
          >
            <div
              class="flex"
            >
              <div
                class="Tag__Wrapper-l3n6sk-1 ceKKQx"
              >
                <div
                  class="Tag__StyledTag-l3n6sk-0 cZzgaW"
                >
                  GRANT PROPOSAL
                </div>
              </div>
            </div>
            <div
              class="Card__CardTitle-h3ymxi-1 bSTxPd"
            >
              Registry Builder Vote Weighting
            </div>
            <div
              class="Card__CardSubTitle-h3ymxi-2 kWUzrK"
            >
              175000 Tokens Requested
            </div>
            <div
              class="Card__CardDescription-h3ymxi-3 iIGibR"
            >
              A proposal to make Ethereum safer by improving a reusable library for token-curated registries.
            </div>
          </div>
          <div
            class="Card__Wrapper-h3ymxi-0 gjicgu"
          >
            <div
              class="flex"
            >
              <div
                class="Tag__Wrapper-l3n6sk-1 ceKKQx"
              >
                <div
                  class="Tag__StyledTag-l3n6sk-0 cZzgaW"
                >
                  GRANT PROPOSAL
                </div>
              </div>
            </div>
            <div
              class="Card__CardTitle-h3ymxi-1 bSTxPd"
            >
              Tidbit Dynamic Oracles
            </div>
            <div
              class="Card__CardSubTitle-h3ymxi-2 kWUzrK"
            >
              150000 Tokens Requested
            </div>
            <div
              class="Card__CardDescription-h3ymxi-3 iIGibR"
            >
              A proposal to make Ethereum safer by improving a reusable library for oracles.
            </div>
          </div>
          <div
            class="Card__Wrapper-h3ymxi-0 gjicgu"
          >
            <div
              class="flex"
            >
              <div
                class="Tag__Wrapper-l3n6sk-1 ceKKQx"
              >
                <div
                  class="Tag__StyledTag-l3n6sk-0 cZzgaW"
                >
                  GRANT PROPOSAL
                </div>
              </div>
            </div>
            <div
              class="Card__CardTitle-h3ymxi-1 bSTxPd"
            >
              Infrastructure Monitoring
            </div>
            <div
              class="Card__CardSubTitle-h3ymxi-2 kWUzrK"
            >
              200000 Tokens Requested
            </div>
            <div
              class="Card__CardDescription-h3ymxi-3 iIGibR"
            >
              A proposal to make Ethereum safer by monitoring high value systems and assets on Ethereum.
            </div>
          </div>
        </div>
      </div>
    </div>
  </body>,
  "container": <div>
    <div>
      <div
        class="flex justify-between"
      >
        <div
          class="flex"
        >
          <h1
            class="mr3 RouteTitle-ehvjdd-0 fHYele"
          >
            Proposals
          </h1>
          <a
            class="link flex items-center"
            href="/proposals/create"
          >
            <div
              class="Button__Wrapper-sc-1vedn6s-2 jHiEij"
            >
              <button
                class="Button__StyledButton-sc-1vedn6s-0 izJlFT"
                type="default"
              >
                Add Proposal
              </button>
            </div>
          </a>
        </div>
        <div
          class="Deadline__Wrapper-sc-1a3aqlz-1 gtXKcM"
        >
          <div
            class="Tag__Wrapper-l3n6sk-1 ceKKQx"
          >
            <div
              class="Deadline__StyledDeadline-sc-1a3aqlz-0 jpSHwD Tag__StyledTag-l3n6sk-0 cZzgaW"
            >
              PROPOSAL DEADLINE Invalid date EST
            </div>
          </div>
        </div>
      </div>
      <div
        class="proposals__CardsWrapper-sc-125pbjx-0 cOJbkJ"
      >
        <div
          class="Card__Wrapper-h3ymxi-0 gjicgu"
        >
          <div
            class="flex"
          >
            <div
              class="Tag__Wrapper-l3n6sk-1 ceKKQx"
            >
              <div
                class="Tag__StyledTag-l3n6sk-0 cZzgaW"
              >
                GRANT PROPOSAL
              </div>
            </div>
          </div>
          <div
            class="Card__CardTitle-h3ymxi-1 bSTxPd"
          >
            K Semantics for Web Assembly
          </div>
          <div
            class="Card__CardSubTitle-h3ymxi-2 kWUzrK"
          >
            200000 Tokens Requested
          </div>
          <div
            class="Card__CardDescription-h3ymxi-3 iIGibR"
          >
            A proposal to make Ethereum safer by enabling developers to formally verify smart contracts that run on Web Assembly.
          </div>
        </div>
        <div
          class="Card__Wrapper-h3ymxi-0 gjicgu"
        >
          <div
            class="flex"
          >
            <div
              class="Tag__Wrapper-l3n6sk-1 ceKKQx"
            >
              <div
                class="Tag__StyledTag-l3n6sk-0 cZzgaW"
              >
                GRANT PROPOSAL
              </div>
            </div>
          </div>
          <div
            class="Card__CardTitle-h3ymxi-1 bSTxPd"
          >
            Registry Builder Vote Weighting
          </div>
          <div
            class="Card__CardSubTitle-h3ymxi-2 kWUzrK"
          >
            175000 Tokens Requested
          </div>
          <div
            class="Card__CardDescription-h3ymxi-3 iIGibR"
          >
            A proposal to make Ethereum safer by improving a reusable library for token-curated registries.
          </div>
        </div>
        <div
          class="Card__Wrapper-h3ymxi-0 gjicgu"
        >
          <div
            class="flex"
          >
            <div
              class="Tag__Wrapper-l3n6sk-1 ceKKQx"
            >
              <div
                class="Tag__StyledTag-l3n6sk-0 cZzgaW"
              >
                GRANT PROPOSAL
              </div>
            </div>
          </div>
          <div
            class="Card__CardTitle-h3ymxi-1 bSTxPd"
          >
            Tidbit Dynamic Oracles
          </div>
          <div
            class="Card__CardSubTitle-h3ymxi-2 kWUzrK"
          >
            150000 Tokens Requested
          </div>
          <div
            class="Card__CardDescription-h3ymxi-3 iIGibR"
          >
            A proposal to make Ethereum safer by improving a reusable library for oracles.
          </div>
        </div>
        <div
          class="Card__Wrapper-h3ymxi-0 gjicgu"
        >
          <div
            class="flex"
          >
            <div
              class="Tag__Wrapper-l3n6sk-1 ceKKQx"
            >
              <div
                class="Tag__StyledTag-l3n6sk-0 cZzgaW"
              >
                GRANT PROPOSAL
              </div>
            </div>
          </div>
          <div
            class="Card__CardTitle-h3ymxi-1 bSTxPd"
          >
            Infrastructure Monitoring
          </div>
          <div
            class="Card__CardSubTitle-h3ymxi-2 kWUzrK"
          >
            200000 Tokens Requested
          </div>
          <div
            class="Card__CardDescription-h3ymxi-3 iIGibR"
          >
            A proposal to make Ethereum safer by monitoring high value systems and assets on Ethereum.
          </div>
        </div>
      </div>
    </div>
  </div>,
  "debug": [Function],
  "getAllByAltText": [Function],
  "getAllByDisplayValue": [Function],
  "getAllByLabelText": [Function],
  "getAllByPlaceholderText": [Function],
  "getAllByRole": [Function],
  "getAllBySelectText": [Function],
  "getAllByTestId": [Function],
  "getAllByText": [Function],
  "getAllByTitle": [Function],
  "getAllByValue": [Function],
  "getByAltText": [Function],
  "getByDisplayValue": [Function],
  "getByLabelText": [Function],
  "getByPlaceholderText": [Function],
  "getByRole": [Function],
  "getBySelectText": [Function],
  "getByTestId": [Function],
  "getByText": [Function],
  "getByTitle": [Function],
  "getByValue": [Function],
  "queryAllByAltText": [Function],
  "queryAllByDisplayValue": [Function],
  "queryAllByLabelText": [Function],
  "queryAllByPlaceholderText": [Function],
  "queryAllByRole": [Function],
  "queryAllBySelectText": [Function],
  "queryAllByTestId": [Function],
  "queryAllByText": [Function],
  "queryAllByTitle": [Function],
  "queryAllByValue": [Function],
  "queryByAltText": [Function],
  "queryByDisplayValue": [Function],
  "queryByLabelText": [Function],
  "queryByPlaceholderText": [Function],
  "queryByRole": [Function],
  "queryBySelectText": [Function],
  "queryByTestId": [Function],
  "queryByText": [Function],
  "queryByTitle": [Function],
  "queryByValue": [Function],
  "rerender": [Function],
  "unmount": [Function],
}
`;
