// Jest Snapshot v1, https://goo.gl/fbAQLP

exports[`Slates should render correctly Slates component 1`] = `
Object {
  "asFragment": [Function],
  "baseElement": <body>
    <div>
      <div>
        <div>
          <div
            class="flex justify-between"
          >
            <div
              class="flex"
            >
              <h1
                class="mr3 RouteTitle-ehvjdd-0 fHYele"
              >
                Slates
              </h1>
              <a
                class="link flex items-center"
                href="/slates/create"
              >
                <div
                  class="Button__Wrapper-sc-1vedn6s-2 jHiEij"
                >
                  <button
                    class="Button__StyledButton-sc-1vedn6s-0 izJlFT"
                    type="default"
                  >
                    Add Slate
                  </button>
                </div>
              </a>
            </div>
            <div
              class="Deadline__Wrapper-sc-1a3aqlz-1 gtXKcM"
            >
              <div
                class="Tag__Wrapper-l3n6sk-1 ceKKQx"
              >
                <div
                  class="Deadline__StyledDeadline-sc-1a3aqlz-0 jpSHwD Tag__StyledTag-l3n6sk-0 llOOnS"
                >
                  SLATE STAKING DEADLINE 1969-12-31 AT 19:00 PM EST
                </div>
              </div>
            </div>
          </div>
          <div
            class="slates__VisibilityFilterContainer-sc-15h3ej7-0 hVkzXI"
          >
            <div
              class="Button__Wrapper-sc-1vedn6s-2 jHiEij"
            >
              <button
                class="Button__StyledButton-sc-1vedn6s-0 eXurug"
              >
                All
              </button>
            </div>
            <div
              class="Button__Wrapper-sc-1vedn6s-2 jHiEij"
            >
              <button
                class="Button__StyledButton-sc-1vedn6s-0 lahyEh"
              >
                Current
              </button>
            </div>
            <div
              class="Button__Wrapper-sc-1vedn6s-2 jHiEij"
            >
              <button
                class="Button__StyledButton-sc-1vedn6s-0 lahyEh"
              >
                Past
              </button>
            </div>
          </div>
          <div
            class="slates__CardsWrapper-sc-15h3ej7-1 gPFIfm"
          />
        </div>
      </div>
    </div>
  </body>,
  "container": <div>
    <div>
      <div>
        <div
          class="flex justify-between"
        >
          <div
            class="flex"
          >
            <h1
              class="mr3 RouteTitle-ehvjdd-0 fHYele"
            >
              Slates
            </h1>
            <a
              class="link flex items-center"
              href="/slates/create"
            >
              <div
                class="Button__Wrapper-sc-1vedn6s-2 jHiEij"
              >
                <button
                  class="Button__StyledButton-sc-1vedn6s-0 izJlFT"
                  type="default"
                >
                  Add Slate
                </button>
              </div>
            </a>
          </div>
          <div
            class="Deadline__Wrapper-sc-1a3aqlz-1 gtXKcM"
          >
            <div
              class="Tag__Wrapper-l3n6sk-1 ceKKQx"
            >
              <div
                class="Deadline__StyledDeadline-sc-1a3aqlz-0 jpSHwD Tag__StyledTag-l3n6sk-0 llOOnS"
              >
                SLATE STAKING DEADLINE 1969-12-31 AT 19:00 PM EST
              </div>
            </div>
          </div>
        </div>
        <div
          class="slates__VisibilityFilterContainer-sc-15h3ej7-0 hVkzXI"
        >
          <div
            class="Button__Wrapper-sc-1vedn6s-2 jHiEij"
          >
            <button
              class="Button__StyledButton-sc-1vedn6s-0 eXurug"
            >
              All
            </button>
          </div>
          <div
            class="Button__Wrapper-sc-1vedn6s-2 jHiEij"
          >
            <button
              class="Button__StyledButton-sc-1vedn6s-0 lahyEh"
            >
              Current
            </button>
          </div>
          <div
            class="Button__Wrapper-sc-1vedn6s-2 jHiEij"
          >
            <button
              class="Button__StyledButton-sc-1vedn6s-0 lahyEh"
            >
              Past
            </button>
          </div>
        </div>
        <div
          class="slates__CardsWrapper-sc-15h3ej7-1 gPFIfm"
        />
      </div>
    </div>
  </div>,
  "debug": [Function],
  "getAllByAltText": [Function],
  "getAllByDisplayValue": [Function],
  "getAllByLabelText": [Function],
  "getAllByPlaceholderText": [Function],
  "getAllByRole": [Function],
  "getAllBySelectText": [Function],
  "getAllByTestId": [Function],
  "getAllByText": [Function],
  "getAllByTitle": [Function],
  "getAllByValue": [Function],
  "getByAltText": [Function],
  "getByDisplayValue": [Function],
  "getByLabelText": [Function],
  "getByPlaceholderText": [Function],
  "getByRole": [Function],
  "getBySelectText": [Function],
  "getByTestId": [Function],
  "getByText": [Function],
  "getByTitle": [Function],
  "getByValue": [Function],
  "queryAllByAltText": [Function],
  "queryAllByDisplayValue": [Function],
  "queryAllByLabelText": [Function],
  "queryAllByPlaceholderText": [Function],
  "queryAllByRole": [Function],
  "queryAllBySelectText": [Function],
  "queryAllByTestId": [Function],
  "queryAllByText": [Function],
  "queryAllByTitle": [Function],
  "queryAllByValue": [Function],
  "queryByAltText": [Function],
  "queryByDisplayValue": [Function],
  "queryByLabelText": [Function],
  "queryByPlaceholderText": [Function],
  "queryByRole": [Function],
  "queryBySelectText": [Function],
  "queryByTestId": [Function],
  "queryByText": [Function],
  "queryByTitle": [Function],
  "queryByValue": [Function],
  "rerender": [Function],
  "unmount": [Function],
}
`;
